
> landscaper@0.0.1 build
> astro build

[2m10:21:38[22m [34m[content][39m Syncing content
[2m10:21:38[22m [34m[content][39m Synced content
[2m10:21:38[22m [34m[types][39m Generated [2m71ms[22m
[2m10:21:38[22m [34m[build][39m output: [34m"static"[39m
[2m10:21:38[22m [34m[build][39m mode: [34m"static"[39m
[2m10:21:38[22m [34m[build][39m directory: [34mC:\Users\nicol\OneDrive\Desktop\the websites\trades\landscaper\dist\[39m
[2m10:21:38[22m [34m[build][39m Collecting build info...
[2m10:21:38[22m [34m[build][39m [32mÔ£ô Completed in 111ms.[39m
[2m10:21:38[22m [34m[build][39m Building static entrypoints...
[33m[1m10:21:39[22m [WARN] [vite][39m [33m"isRemoteAllowed", "matchHostname", "matchPathname", "matchPort" and "matchProtocol" are imported from external module "@astrojs/internal-helpers/remote" but never used in "node_modules/astro/dist/assets/utils/remotePattern.js".[39m
[33m[1m10:21:39[22m [WARN] [vite][39m [33m"TrendingUp", "TrendingDown", "CreditCard" and "Calendar" are imported from external module "lucide-react" but never used in "src/components/QuoteCalculator.jsx", "src/components/TrustBar.jsx" and "src/components/GardenEstimator.jsx".[39m
[2m10:21:39[22m [34m[vite][39m [32mÔ£ô built in 1.13s[39m
[2m10:21:39[22m [34m[build][39m [32mÔ£ô Completed in 1.19s.[39m

[42m[30m building client (vite) [39m[49m
[2m10:21:39[22m [34m[vite][39m transforming...
[2m10:21:42[22m [34m[vite][39m [32mÔ£ô[39m 1758 modules transformed.
[2m10:21:43[22m [34m[vite][39m rendering chunks...
[2m10:21:43[22m [34m[vite][39m computing gzip size...
[2m10:21:43[22m [34m[vite][39m [2mdist/[22m[35m_astro/index.CIGW-MKW.css            [39m[1m[2m 15.61 kB[22m[1m[22m[2m Ôöé gzip:  6.46 kB[22m
[2m10:21:43[22m [34m[vite][39m [2mdist/[22m[36m_astro/phone.BPDA0hll.js             [39m[1m[2m  0.51 kB[22m[1m[22m[2m Ôöé gzip:  0.34 kB[22m
[2m10:21:43[22m [34m[vite][39m [2mdist/[22m[36m_astro/jsx-runtime.D_zvdyIk.js       [39m[1m[2m  0.73 kB[22m[1m[22m[2m Ôöé gzip:  0.46 kB[22m
[2m10:21:43[22m [34m[vite][39m [2mdist/[22m[36m_astro/StickyCTA.BDVyMjkF.js         [39m[1m[2m  0.91 kB[22m[1m[22m[2m Ôöé gzip:  0.60 kB[22m
[2m10:21:43[22m [34m[vite][39m [2mdist/[22m[36m_astro/Header.CT0GEUnO.js            [39m[1m[2m  1.51 kB[22m[1m[22m[2m Ôöé gzip:  0.76 kB[22m
[2m10:21:43[22m [34m[vite][39m [2mdist/[22m[36m_astro/createLucideIcon.DwlmQAUi.js  [39m[1m[2m  1.86 kB[22m[1m[22m[2m Ôöé gzip:  0.80 kB[22m
[2m10:21:43[22m [34m[vite][39m [2mdist/[22m[36m_astro/FAQ.DYusBar_.js               [39m[1m[2m  2.52 kB[22m[1m[22m[2m Ôöé gzip:  1.23 kB[22m
[2m10:21:43[22m [34m[vite][39m [2mdist/[22m[36m_astro/Testimonials.Bk6Ig3zV.js      [39m[1m[2m  2.68 kB[22m[1m[22m[2m Ôöé gzip:  1.31 kB[22m
[2m10:21:43[22m [34m[vite][39m [2mdist/[22m[36m_astro/ProcessFlow.BzQa1caX.js       [39m[1m[2m  2.82 kB[22m[1m[22m[2m Ôöé gzip:  1.25 kB[22m
[2m10:21:43[22m [34m[vite][39m [2mdist/[22m[36m_astro/TrustBar.Mk6SY-dr.js          [39m[1m[2m  3.49 kB[22m[1m[22m[2m Ôöé gzip:  1.15 kB[22m
[2m10:21:43[22m [34m[vite][39m [2mdist/[22m[36m_astro/index.wL8f-eqt.js             [39m[1m[2m  3.89 kB[22m[1m[22m[2m Ôöé gzip:  1.52 kB[22m
[2m10:21:43[22m [34m[vite][39m [2mdist/[22m[36m_astro/index.WxXIy71t.js             [39m[1m[2m  7.97 kB[22m[1m[22m[2m Ôöé gzip:  3.10 kB[22m
[2m10:21:43[22m [34m[vite][39m [2mdist/[22m[36m_astro/QuoteCalculator.BTWNP7Jc.js   [39m[1m[2m  9.48 kB[22m[1m[22m[2m Ôöé gzip:  2.72 kB[22m
[2m10:21:43[22m [34m[vite][39m [2mdist/[22m[36m_astro/GardenEstimator.B-FVf1pZ.js   [39m[1m[2m 13.10 kB[22m[1m[22m[2m Ôöé gzip:  3.59 kB[22m
[2m10:21:43[22m [34m[vite][39m [2mdist/[22m[36m_astro/ServiceAreaMap.D6iwnJcN.js    [39m[1m[2m155.07 kB[22m[1m[22m[2m Ôöé gzip: 45.50 kB[22m
[2m10:21:43[22m [34m[vite][39m [2mdist/[22m[36m_astro/client.DvVVEECG.js            [39m[1m[2m182.74 kB[22m[1m[22m[2m Ôöé gzip: 57.60 kB[22m
[2m10:21:43[22m [34m[vite][39m [32mÔ£ô built in 3.41s[39m

[42m[30m generating static routes [39m[49m
[2m10:21:43[22m [32mÔûÂ[39m src/pages/admin/dashboard.astro
[2m10:21:43[22m   [34mÔööÔöÇ[39m [2m/admin/dashboard/index.html[22m [2m(+34ms)[22m 
[2m10:21:43[22m [32mÔûÂ[39m src/pages/admin/index.astro
[2m10:21:43[22m   [34mÔööÔöÇ[39m [2m/admin/index.html[22m [2m(+7ms)[22m 
node.exe : window 
is not defined
At line:1 char:1
+ & "C:\Program File
s\nodejs/node.exe" "
C:\Users\nicol\AppDa
ta\Roaming\ ...
+ ~~~~~~~~~~~~~~~~~~
~~~~~~~~~~~~~~~~~~~~
~~~~~~~~~~~~~~~~~~~~
~~~~~~~~~~~
    + CategoryInfo  
            : NotS  
  pecified: (wind   
 ow is not defin    
ed:String) [],     
RemoteException
    + FullyQualifie 
   dErrorId : Nati  
  veCommandError
 
  [1mHint:[22m
[33m    Browser 
APIs are not 
available on the 
server.
    
    If the code is 
in a framework 
component, try to 
access these 
objects after 
rendering using 
lifecycle methods 
or use a 
`client:only` 
directive to make 
the component 
exclusively run on 
the client.
    
    See [4mhttps://
docs.astro.build/en/
guides/troubleshooti
ng/#document-or-wind
ow-is-not-defined[2
4m for more 
information.
    		[39m
  [1mLocation:[22m
    [4mC:\Users\nic
ol\OneDrive\Desktop\
the websites\trades\
landscaper\node_modu
les\leaflet\dist\lea
flet-src.js:230:19[
24m
  [1mStack 
trace:[22m
[2m    at C:\Users\
nicol\OneDrive\Deskt
op\the websites\trad
es\landscaper\node_m
odules\leaflet\dist\
leaflet-src.js:230:1
9
    at 
Object.<anonymous> (
C:\Users\nicol\OneDr
ive\Desktop\the webs
ites\trades\landscap
er\node_modules\leaf
let\dist\leaflet-src
.js:10:3)
    at Object..js (n
ode:internal/modules
/cjs/loader:1820:10)
    at 
Function._load (node
:internal/modules/cj
s/loader:1246:12)
    at 
wrapModuleLoad (node
:internal/modules/cj
s/loader:235:24)[22
m
